// Jest Snapshot v1, https://goo.gl/fbAQLP

exports[`Reset button check Reset renders correctly 1`] = `
<DocumentFragment>
  <button
    class="css-ovj7dn"
  >
    ðŸ™‚
  </button>
</DocumentFragment>
`;
