// Jest Snapshot v1, https://goo.gl/fbAQLP

exports[`Scoreboard test cases Scoreboard renders correctly 1`] = `
<DocumentFragment>
  <div
    class="css-b6og8j"
  >
    <div
      class="css-1thtqfn"
    >
      000
    </div>
    <select
      class="css-o4tb5e"
    >
      <option
        class="css-1kkaoa9"
        value="beginner"
      >
        beginner
      </option>
      <option
        class="css-1kkaoa9"
        value="intermediate"
      >
        intermediate
      </option>
      <option
        class="css-1kkaoa9"
        value="expert"
      >
        expert
      </option>
    </select>
    <button
      class="css-ovj7dn"
    >
      ðŸ™‚
    </button>
    <div
      class="css-1thtqfn"
    >
      010
    </div>
  </div>
</DocumentFragment>
`;
